// Jest Snapshot v1, https://goo.gl/fbAQLP

exports[`resolveAllocation should write program 1`] = `
[
  {
    "allocation": {
      "header": null,
      "ops": [
        {
          "name": "x",
          "op": {
            "bits": 257,
            "kind": "int",
            "optional": false,
          },
          "type": {
            "format": 257,
            "kind": "simple",
            "optional": false,
            "type": "int",
          },
        },
        {
          "name": "y",
          "op": {
            "bits": 257,
            "kind": "int",
            "optional": false,
          },
          "type": {
            "format": 257,
            "kind": "simple",
            "optional": false,
            "type": "int",
          },
        },
      ],
      "root": {
        "next": null,
        "ops": [
          {
            "name": "x",
            "op": {
              "bits": 257,
              "kind": "int",
              "optional": false,
            },
            "type": {
              "format": 257,
              "kind": "simple",
              "optional": false,
              "type": "int",
            },
          },
          {
            "name": "y",
            "op": {
              "bits": 257,
              "kind": "int",
              "optional": false,
            },
            "type": {
              "format": 257,
              "kind": "simple",
              "optional": false,
              "type": "int",
            },
          },
        ],
        "size": {
          "bits": 514,
          "refs": 0,
        },
      },
      "size": {
        "bits": 514,
        "refs": 0,
      },
    },
    "type": {
      "ast": {
        "fields": [
          {
            "as": null,
            "id": 34,
            "init": null,
            "kind": "def_field",
            "name": {
              "id": 31,
              "kind": "id",
              "ref": SrcInfo {},
              "text": "x",
            },
            "ref": SrcInfo {},
            "type": {
              "id": 33,
              "kind": "type_ref_simple",
              "name": {
                "id": 32,
                "kind": "id",
                "ref": SrcInfo {},
                "text": "Int",
              },
              "optional": false,
              "ref": SrcInfo {},
            },
          },
          {
            "as": null,
            "id": 38,
            "init": null,
            "kind": "def_field",
            "name": {
              "id": 35,
              "kind": "id",
              "ref": SrcInfo {},
              "text": "y",
            },
            "ref": SrcInfo {},
            "type": {
              "id": 37,
              "kind": "type_ref_simple",
              "name": {
                "id": 36,
                "kind": "id",
                "ref": SrcInfo {},
                "text": "Int",
              },
              "optional": false,
              "ref": SrcInfo {},
            },
          },
        ],
        "id": 39,
        "kind": "def_struct",
        "message": false,
        "name": {
          "id": 30,
          "kind": "id",
          "ref": SrcInfo {},
          "text": "Point",
        },
        "prefix": null,
        "ref": SrcInfo {},
      },
      "constants": [],
      "dependsOn": [],
      "fields": [
        {
          "abi": {
            "name": "x",
            "type": {
              "format": 257,
              "kind": "simple",
              "optional": false,
              "type": "int",
            },
          },
          "as": null,
          "ast": {
            "as": null,
            "id": 34,
            "init": null,
            "kind": "def_field",
            "name": {
              "id": 31,
              "kind": "id",
              "ref": SrcInfo {},
              "text": "x",
            },
            "ref": SrcInfo {},
            "type": {
              "id": 33,
              "kind": "type_ref_simple",
              "name": {
                "id": 32,
                "kind": "id",
                "ref": SrcInfo {},
                "text": "Int",
              },
              "optional": false,
              "ref": SrcInfo {},
            },
          },
          "default": undefined,
          "index": 0,
          "name": "x",
          "ref": SrcInfo {},
          "type": {
            "kind": "ref",
            "name": "Int",
            "optional": false,
          },
        },
        {
          "abi": {
            "name": "y",
            "type": {
              "format": 257,
              "kind": "simple",
              "optional": false,
              "type": "int",
            },
          },
          "as": null,
          "ast": {
            "as": null,
            "id": 38,
            "init": null,
            "kind": "def_field",
            "name": {
              "id": 35,
              "kind": "id",
              "ref": SrcInfo {},
              "text": "y",
            },
            "ref": SrcInfo {},
            "type": {
              "id": 37,
              "kind": "type_ref_simple",
              "name": {
                "id": 36,
                "kind": "id",
                "ref": SrcInfo {},
                "text": "Int",
              },
              "optional": false,
              "ref": SrcInfo {},
            },
          },
          "default": undefined,
          "index": 1,
          "name": "y",
          "ref": SrcInfo {},
          "type": {
            "kind": "ref",
            "name": "Int",
            "optional": false,
          },
        },
      ],
      "functions": Map {},
      "header": null,
      "init": null,
      "interfaces": [],
      "kind": "struct",
      "name": "Point",
      "origin": "user",
      "partialFieldCount": 0,
      "receivers": [],
      "signature": "Point{x:int257,y:int257}",
      "tlb": "_ x:int257 y:int257 = Point",
      "traits": [],
      "uid": 35778,
    },
  },
  {
    "allocation": {
      "header": null,
      "ops": [
        {
          "name": "z",
          "op": {
            "kind": "struct",
            "optional": false,
            "ref": false,
            "size": {
              "bits": 514,
              "refs": 0,
            },
            "type": "Point",
          },
          "type": {
            "kind": "simple",
            "optional": false,
            "type": "Point",
          },
        },
      ],
      "root": {
        "next": null,
        "ops": [
          {
            "name": "z",
            "op": {
              "kind": "struct",
              "optional": false,
              "ref": false,
              "size": {
                "bits": 514,
                "refs": 0,
              },
              "type": "Point",
            },
            "type": {
              "kind": "simple",
              "optional": false,
              "type": "Point",
            },
          },
        ],
        "size": {
          "bits": 514,
          "refs": 0,
        },
      },
      "size": {
        "bits": 514,
        "refs": 0,
      },
    },
    "type": {
      "ast": {
        "fields": [
          {
            "as": null,
            "id": 44,
            "init": null,
            "kind": "def_field",
            "name": {
              "id": 41,
              "kind": "id",
              "ref": SrcInfo {},
              "text": "z",
            },
            "ref": SrcInfo {},
            "type": {
              "id": 43,
              "kind": "type_ref_simple",
              "name": {
                "id": 42,
                "kind": "id",
                "ref": SrcInfo {},
                "text": "Point",
              },
              "optional": false,
              "ref": SrcInfo {},
            },
          },
        ],
        "id": 45,
        "kind": "def_struct",
        "message": false,
        "name": {
          "id": 40,
          "kind": "id",
          "ref": SrcInfo {},
          "text": "Point2",
        },
        "prefix": null,
        "ref": SrcInfo {},
      },
      "constants": [],
      "dependsOn": [],
      "fields": [
        {
          "abi": {
            "name": "z",
            "type": {
              "kind": "simple",
              "optional": false,
              "type": "Point",
            },
          },
          "as": null,
          "ast": {
            "as": null,
            "id": 44,
            "init": null,
            "kind": "def_field",
            "name": {
              "id": 41,
              "kind": "id",
              "ref": SrcInfo {},
              "text": "z",
            },
            "ref": SrcInfo {},
            "type": {
              "id": 43,
              "kind": "type_ref_simple",
              "name": {
                "id": 42,
                "kind": "id",
                "ref": SrcInfo {},
                "text": "Point",
              },
              "optional": false,
              "ref": SrcInfo {},
            },
          },
          "default": undefined,
          "index": 0,
          "name": "z",
          "ref": SrcInfo {},
          "type": {
            "kind": "ref",
            "name": "Point",
            "optional": false,
          },
        },
      ],
      "functions": Map {},
      "header": null,
      "init": null,
      "interfaces": [],
      "kind": "struct",
      "name": "Point2",
      "origin": "user",
      "partialFieldCount": 0,
      "receivers": [],
      "signature": "Point2{z:Point{x:int257,y:int257}}",
      "tlb": "_ z:Point{x:int257,y:int257} = Point2",
      "traits": [],
      "uid": 62706,
    },
  },
  {
    "allocation": {
      "header": null,
      "ops": [
        {
          "name": "a",
          "op": {
            "kind": "struct",
            "optional": false,
            "ref": false,
            "size": {
              "bits": 514,
              "refs": 0,
            },
            "type": "Point",
          },
          "type": {
            "kind": "simple",
            "optional": false,
            "type": "Point",
          },
        },
        {
          "name": "b",
          "op": {
            "kind": "struct",
            "optional": false,
            "ref": false,
            "size": {
              "bits": 514,
              "refs": 0,
            },
            "type": "Point2",
          },
          "type": {
            "kind": "simple",
            "optional": false,
            "type": "Point2",
          },
        },
      ],
      "root": {
        "next": {
          "next": null,
          "ops": [
            {
              "name": "b",
              "op": {
                "kind": "struct",
                "optional": false,
                "ref": false,
                "size": {
                  "bits": 514,
                  "refs": 0,
                },
                "type": "Point2",
              },
              "type": {
                "kind": "simple",
                "optional": false,
                "type": "Point2",
              },
            },
          ],
          "size": {
            "bits": 514,
            "refs": 0,
          },
        },
        "ops": [
          {
            "name": "a",
            "op": {
              "kind": "struct",
              "optional": false,
              "ref": false,
              "size": {
                "bits": 514,
                "refs": 0,
              },
              "type": "Point",
            },
            "type": {
              "kind": "simple",
              "optional": false,
              "type": "Point",
            },
          },
        ],
        "size": {
          "bits": 514,
          "refs": 0,
        },
      },
      "size": {
        "bits": 514,
        "refs": 0,
      },
    },
    "type": {
      "ast": {
        "fields": [
          {
            "as": null,
            "id": 24,
            "init": null,
            "kind": "def_field",
            "name": {
              "id": 21,
              "kind": "id",
              "ref": SrcInfo {},
              "text": "a",
            },
            "ref": SrcInfo {},
            "type": {
              "id": 23,
              "kind": "type_ref_simple",
              "name": {
                "id": 22,
                "kind": "id",
                "ref": SrcInfo {},
                "text": "Point",
              },
              "optional": false,
              "ref": SrcInfo {},
            },
          },
          {
            "as": null,
            "id": 28,
            "init": null,
            "kind": "def_field",
            "name": {
              "id": 25,
              "kind": "id",
              "ref": SrcInfo {},
              "text": "b",
            },
            "ref": SrcInfo {},
            "type": {
              "id": 27,
              "kind": "type_ref_simple",
              "name": {
                "id": 26,
                "kind": "id",
                "ref": SrcInfo {},
                "text": "Point2",
              },
              "optional": false,
              "ref": SrcInfo {},
            },
          },
        ],
        "id": 29,
        "kind": "def_struct",
        "message": false,
        "name": {
          "id": 20,
          "kind": "id",
          "ref": SrcInfo {},
          "text": "Point3",
        },
        "prefix": null,
        "ref": SrcInfo {},
      },
      "constants": [],
      "dependsOn": [],
      "fields": [
        {
          "abi": {
            "name": "a",
            "type": {
              "kind": "simple",
              "optional": false,
              "type": "Point",
            },
          },
          "as": null,
          "ast": {
            "as": null,
            "id": 24,
            "init": null,
            "kind": "def_field",
            "name": {
              "id": 21,
              "kind": "id",
              "ref": SrcInfo {},
              "text": "a",
            },
            "ref": SrcInfo {},
            "type": {
              "id": 23,
              "kind": "type_ref_simple",
              "name": {
                "id": 22,
                "kind": "id",
                "ref": SrcInfo {},
                "text": "Point",
              },
              "optional": false,
              "ref": SrcInfo {},
            },
          },
          "default": undefined,
          "index": 0,
          "name": "a",
          "ref": SrcInfo {},
          "type": {
            "kind": "ref",
            "name": "Point",
            "optional": false,
          },
        },
        {
          "abi": {
            "name": "b",
            "type": {
              "kind": "simple",
              "optional": false,
              "type": "Point2",
            },
          },
          "as": null,
          "ast": {
            "as": null,
            "id": 28,
            "init": null,
            "kind": "def_field",
            "name": {
              "id": 25,
              "kind": "id",
              "ref": SrcInfo {},
              "text": "b",
            },
            "ref": SrcInfo {},
            "type": {
              "id": 27,
              "kind": "type_ref_simple",
              "name": {
                "id": 26,
                "kind": "id",
                "ref": SrcInfo {},
                "text": "Point2",
              },
              "optional": false,
              "ref": SrcInfo {},
            },
          },
          "default": undefined,
          "index": 1,
          "name": "b",
          "ref": SrcInfo {},
          "type": {
            "kind": "ref",
            "name": "Point2",
            "optional": false,
          },
        },
      ],
      "functions": Map {},
      "header": null,
      "init": null,
      "interfaces": [],
      "kind": "struct",
      "name": "Point3",
      "origin": "user",
      "partialFieldCount": 0,
      "receivers": [],
      "signature": "Point3{a:Point{x:int257,y:int257},b:Point2{z:Point{x:int257,y:int257}}}",
      "tlb": "_ a:Point{x:int257,y:int257} b:Point2{z:Point{x:int257,y:int257}} = Point3",
      "traits": [],
      "uid": 58579,
    },
  },
  {
    "allocation": {
      "header": null,
      "ops": [
        {
          "name": "a",
          "op": {
            "bits": 257,
            "kind": "int",
            "optional": false,
          },
          "type": {
            "format": 257,
            "kind": "simple",
            "optional": false,
            "type": "int",
          },
        },
        {
          "name": "b",
          "op": {
            "bits": 257,
            "kind": "int",
            "optional": false,
          },
          "type": {
            "format": 257,
            "kind": "simple",
            "optional": false,
            "type": "int",
          },
        },
        {
          "name": "c",
          "op": {
            "bits": 257,
            "kind": "int",
            "optional": false,
          },
          "type": {
            "format": 257,
            "kind": "simple",
            "optional": false,
            "type": "int",
          },
        },
        {
          "name": "d",
          "op": {
            "bits": 257,
            "kind": "int",
            "optional": false,
          },
          "type": {
            "format": 257,
            "kind": "simple",
            "optional": false,
            "type": "int",
          },
        },
        {
          "name": "e",
          "op": {
            "bits": 257,
            "kind": "int",
            "optional": false,
          },
          "type": {
            "format": 257,
            "kind": "simple",
            "optional": false,
            "type": "int",
          },
        },
        {
          "name": "f",
          "op": {
            "bits": 257,
            "kind": "int",
            "optional": false,
          },
          "type": {
            "format": 257,
            "kind": "simple",
            "optional": false,
            "type": "int",
          },
        },
        {
          "name": "g",
          "op": {
            "bits": 257,
            "kind": "int",
            "optional": false,
          },
          "type": {
            "format": 257,
            "kind": "simple",
            "optional": false,
            "type": "int",
          },
        },
        {
          "name": "h",
          "op": {
            "bits": 257,
            "kind": "int",
            "optional": false,
          },
          "type": {
            "format": 257,
            "kind": "simple",
            "optional": false,
            "type": "int",
          },
        },
        {
          "name": "i",
          "op": {
            "bits": 257,
            "kind": "int",
            "optional": false,
          },
          "type": {
            "format": 257,
            "kind": "simple",
            "optional": false,
            "type": "int",
          },
        },
        {
          "name": "j",
          "op": {
            "bits": 257,
            "kind": "int",
            "optional": false,
          },
          "type": {
            "format": 257,
            "kind": "simple",
            "optional": false,
            "type": "int",
          },
        },
        {
          "name": "k",
          "op": {
            "bits": 257,
            "kind": "int",
            "optional": false,
          },
          "type": {
            "format": 257,
            "kind": "simple",
            "optional": false,
            "type": "int",
          },
        },
      ],
      "root": {
        "next": {
          "next": {
            "next": {
              "next": null,
              "ops": [
                {
                  "name": "j",
                  "op": {
                    "bits": 257,
                    "kind": "int",
                    "optional": false,
                  },
                  "type": {
                    "format": 257,
                    "kind": "simple",
                    "optional": false,
                    "type": "int",
                  },
                },
                {
                  "name": "k",
                  "op": {
                    "bits": 257,
                    "kind": "int",
                    "optional": false,
                  },
                  "type": {
                    "format": 257,
                    "kind": "simple",
                    "optional": false,
                    "type": "int",
                  },
                },
              ],
              "size": {
                "bits": 514,
                "refs": 0,
              },
            },
            "ops": [
              {
                "name": "g",
                "op": {
                  "bits": 257,
                  "kind": "int",
                  "optional": false,
                },
                "type": {
                  "format": 257,
                  "kind": "simple",
                  "optional": false,
                  "type": "int",
                },
              },
              {
                "name": "h",
                "op": {
                  "bits": 257,
                  "kind": "int",
                  "optional": false,
                },
                "type": {
                  "format": 257,
                  "kind": "simple",
                  "optional": false,
                  "type": "int",
                },
              },
              {
                "name": "i",
                "op": {
                  "bits": 257,
                  "kind": "int",
                  "optional": false,
                },
                "type": {
                  "format": 257,
                  "kind": "simple",
                  "optional": false,
                  "type": "int",
                },
              },
            ],
            "size": {
              "bits": 771,
              "refs": 0,
            },
          },
          "ops": [
            {
              "name": "d",
              "op": {
                "bits": 257,
                "kind": "int",
                "optional": false,
              },
              "type": {
                "format": 257,
                "kind": "simple",
                "optional": false,
                "type": "int",
              },
            },
            {
              "name": "e",
              "op": {
                "bits": 257,
                "kind": "int",
                "optional": false,
              },
              "type": {
                "format": 257,
                "kind": "simple",
                "optional": false,
                "type": "int",
              },
            },
            {
              "name": "f",
              "op": {
                "bits": 257,
                "kind": "int",
                "optional": false,
              },
              "type": {
                "format": 257,
                "kind": "simple",
                "optional": false,
                "type": "int",
              },
            },
          ],
          "size": {
            "bits": 771,
            "refs": 0,
          },
        },
        "ops": [
          {
            "name": "a",
            "op": {
              "bits": 257,
              "kind": "int",
              "optional": false,
            },
            "type": {
              "format": 257,
              "kind": "simple",
              "optional": false,
              "type": "int",
            },
          },
          {
            "name": "b",
            "op": {
              "bits": 257,
              "kind": "int",
              "optional": false,
            },
            "type": {
              "format": 257,
              "kind": "simple",
              "optional": false,
              "type": "int",
            },
          },
          {
            "name": "c",
            "op": {
              "bits": 257,
              "kind": "int",
              "optional": false,
            },
            "type": {
              "format": 257,
              "kind": "simple",
              "optional": false,
              "type": "int",
            },
          },
        ],
        "size": {
          "bits": 771,
          "refs": 0,
        },
      },
      "size": {
        "bits": 771,
        "refs": 0,
      },
    },
    "type": {
      "ast": {
        "fields": [
          {
            "as": null,
            "id": 50,
            "init": null,
            "kind": "def_field",
            "name": {
              "id": 47,
              "kind": "id",
              "ref": SrcInfo {},
              "text": "a",
            },
            "ref": SrcInfo {},
            "type": {
              "id": 49,
              "kind": "type_ref_simple",
              "name": {
                "id": 48,
                "kind": "id",
                "ref": SrcInfo {},
                "text": "Int",
              },
              "optional": false,
              "ref": SrcInfo {},
            },
          },
          {
            "as": null,
            "id": 54,
            "init": null,
            "kind": "def_field",
            "name": {
              "id": 51,
              "kind": "id",
              "ref": SrcInfo {},
              "text": "b",
            },
            "ref": SrcInfo {},
            "type": {
              "id": 53,
              "kind": "type_ref_simple",
              "name": {
                "id": 52,
                "kind": "id",
                "ref": SrcInfo {},
                "text": "Int",
              },
              "optional": false,
              "ref": SrcInfo {},
            },
          },
          {
            "as": null,
            "id": 58,
            "init": null,
            "kind": "def_field",
            "name": {
              "id": 55,
              "kind": "id",
              "ref": SrcInfo {},
              "text": "c",
            },
            "ref": SrcInfo {},
            "type": {
              "id": 57,
              "kind": "type_ref_simple",
              "name": {
                "id": 56,
                "kind": "id",
                "ref": SrcInfo {},
                "text": "Int",
              },
              "optional": false,
              "ref": SrcInfo {},
            },
          },
          {
            "as": null,
            "id": 62,
            "init": null,
            "kind": "def_field",
            "name": {
              "id": 59,
              "kind": "id",
              "ref": SrcInfo {},
              "text": "d",
            },
            "ref": SrcInfo {},
            "type": {
              "id": 61,
              "kind": "type_ref_simple",
              "name": {
                "id": 60,
                "kind": "id",
                "ref": SrcInfo {},
                "text": "Int",
              },
              "optional": false,
              "ref": SrcInfo {},
            },
          },
          {
            "as": null,
            "id": 66,
            "init": null,
            "kind": "def_field",
            "name": {
              "id": 63,
              "kind": "id",
              "ref": SrcInfo {},
              "text": "e",
            },
            "ref": SrcInfo {},
            "type": {
              "id": 65,
              "kind": "type_ref_simple",
              "name": {
                "id": 64,
                "kind": "id",
                "ref": SrcInfo {},
                "text": "Int",
              },
              "optional": false,
              "ref": SrcInfo {},
            },
          },
          {
            "as": null,
            "id": 70,
            "init": null,
            "kind": "def_field",
            "name": {
              "id": 67,
              "kind": "id",
              "ref": SrcInfo {},
              "text": "f",
            },
            "ref": SrcInfo {},
            "type": {
              "id": 69,
              "kind": "type_ref_simple",
              "name": {
                "id": 68,
                "kind": "id",
                "ref": SrcInfo {},
                "text": "Int",
              },
              "optional": false,
              "ref": SrcInfo {},
            },
          },
          {
            "as": null,
            "id": 74,
            "init": null,
            "kind": "def_field",
            "name": {
              "id": 71,
              "kind": "id",
              "ref": SrcInfo {},
              "text": "g",
            },
            "ref": SrcInfo {},
            "type": {
              "id": 73,
              "kind": "type_ref_simple",
              "name": {
                "id": 72,
                "kind": "id",
                "ref": SrcInfo {},
                "text": "Int",
              },
              "optional": false,
              "ref": SrcInfo {},
            },
          },
          {
            "as": null,
            "id": 78,
            "init": null,
            "kind": "def_field",
            "name": {
              "id": 75,
              "kind": "id",
              "ref": SrcInfo {},
              "text": "h",
            },
            "ref": SrcInfo {},
            "type": {
              "id": 77,
              "kind": "type_ref_simple",
              "name": {
                "id": 76,
                "kind": "id",
                "ref": SrcInfo {},
                "text": "Int",
              },
              "optional": false,
              "ref": SrcInfo {},
            },
          },
          {
            "as": null,
            "id": 82,
            "init": null,
            "kind": "def_field",
            "name": {
              "id": 79,
              "kind": "id",
              "ref": SrcInfo {},
              "text": "i",
            },
            "ref": SrcInfo {},
            "type": {
              "id": 81,
              "kind": "type_ref_simple",
              "name": {
                "id": 80,
                "kind": "id",
                "ref": SrcInfo {},
                "text": "Int",
              },
              "optional": false,
              "ref": SrcInfo {},
            },
          },
          {
            "as": null,
            "id": 86,
            "init": null,
            "kind": "def_field",
            "name": {
              "id": 83,
              "kind": "id",
              "ref": SrcInfo {},
              "text": "j",
            },
            "ref": SrcInfo {},
            "type": {
              "id": 85,
              "kind": "type_ref_simple",
              "name": {
                "id": 84,
                "kind": "id",
                "ref": SrcInfo {},
                "text": "Int",
              },
              "optional": false,
              "ref": SrcInfo {},
            },
          },
          {
            "as": null,
            "id": 90,
            "init": null,
            "kind": "def_field",
            "name": {
              "id": 87,
              "kind": "id",
              "ref": SrcInfo {},
              "text": "k",
            },
            "ref": SrcInfo {},
            "type": {
              "id": 89,
              "kind": "type_ref_simple",
              "name": {
                "id": 88,
                "kind": "id",
                "ref": SrcInfo {},
                "text": "Int",
              },
              "optional": false,
              "ref": SrcInfo {},
            },
          },
        ],
        "id": 91,
        "kind": "def_struct",
        "message": false,
        "name": {
          "id": 46,
          "kind": "id",
          "ref": SrcInfo {},
          "text": "Deep",
        },
        "prefix": null,
        "ref": SrcInfo {},
      },
      "constants": [],
      "dependsOn": [],
      "fields": [
        {
          "abi": {
            "name": "a",
            "type": {
              "format": 257,
              "kind": "simple",
              "optional": false,
              "type": "int",
            },
          },
          "as": null,
          "ast": {
            "as": null,
            "id": 50,
            "init": null,
            "kind": "def_field",
            "name": {
              "id": 47,
              "kind": "id",
              "ref": SrcInfo {},
              "text": "a",
            },
            "ref": SrcInfo {},
            "type": {
              "id": 49,
              "kind": "type_ref_simple",
              "name": {
                "id": 48,
                "kind": "id",
                "ref": SrcInfo {},
                "text": "Int",
              },
              "optional": false,
              "ref": SrcInfo {},
            },
          },
          "default": undefined,
          "index": 0,
          "name": "a",
          "ref": SrcInfo {},
          "type": {
            "kind": "ref",
            "name": "Int",
            "optional": false,
          },
        },
        {
          "abi": {
            "name": "b",
            "type": {
              "format": 257,
              "kind": "simple",
              "optional": false,
              "type": "int",
            },
          },
          "as": null,
          "ast": {
            "as": null,
            "id": 54,
            "init": null,
            "kind": "def_field",
            "name": {
              "id": 51,
              "kind": "id",
              "ref": SrcInfo {},
              "text": "b",
            },
            "ref": SrcInfo {},
            "type": {
              "id": 53,
              "kind": "type_ref_simple",
              "name": {
                "id": 52,
                "kind": "id",
                "ref": SrcInfo {},
                "text": "Int",
              },
              "optional": false,
              "ref": SrcInfo {},
            },
          },
          "default": undefined,
          "index": 1,
          "name": "b",
          "ref": SrcInfo {},
          "type": {
            "kind": "ref",
            "name": "Int",
            "optional": false,
          },
        },
        {
          "abi": {
            "name": "c",
            "type": {
              "format": 257,
              "kind": "simple",
              "optional": false,
              "type": "int",
            },
          },
          "as": null,
          "ast": {
            "as": null,
            "id": 58,
            "init": null,
            "kind": "def_field",
            "name": {
              "id": 55,
              "kind": "id",
              "ref": SrcInfo {},
              "text": "c",
            },
            "ref": SrcInfo {},
            "type": {
              "id": 57,
              "kind": "type_ref_simple",
              "name": {
                "id": 56,
                "kind": "id",
                "ref": SrcInfo {},
                "text": "Int",
              },
              "optional": false,
              "ref": SrcInfo {},
            },
          },
          "default": undefined,
          "index": 2,
          "name": "c",
          "ref": SrcInfo {},
          "type": {
            "kind": "ref",
            "name": "Int",
            "optional": false,
          },
        },
        {
          "abi": {
            "name": "d",
            "type": {
              "format": 257,
              "kind": "simple",
              "optional": false,
              "type": "int",
            },
          },
          "as": null,
          "ast": {
            "as": null,
            "id": 62,
            "init": null,
            "kind": "def_field",
            "name": {
              "id": 59,
              "kind": "id",
              "ref": SrcInfo {},
              "text": "d",
            },
            "ref": SrcInfo {},
            "type": {
              "id": 61,
              "kind": "type_ref_simple",
              "name": {
                "id": 60,
                "kind": "id",
                "ref": SrcInfo {},
                "text": "Int",
              },
              "optional": false,
              "ref": SrcInfo {},
            },
          },
          "default": undefined,
          "index": 3,
          "name": "d",
          "ref": SrcInfo {},
          "type": {
            "kind": "ref",
            "name": "Int",
            "optional": false,
          },
        },
        {
          "abi": {
            "name": "e",
            "type": {
              "format": 257,
              "kind": "simple",
              "optional": false,
              "type": "int",
            },
          },
          "as": null,
          "ast": {
            "as": null,
            "id": 66,
            "init": null,
            "kind": "def_field",
            "name": {
              "id": 63,
              "kind": "id",
              "ref": SrcInfo {},
              "text": "e",
            },
            "ref": SrcInfo {},
            "type": {
              "id": 65,
              "kind": "type_ref_simple",
              "name": {
                "id": 64,
                "kind": "id",
                "ref": SrcInfo {},
                "text": "Int",
              },
              "optional": false,
              "ref": SrcInfo {},
            },
          },
          "default": undefined,
          "index": 4,
          "name": "e",
          "ref": SrcInfo {},
          "type": {
            "kind": "ref",
            "name": "Int",
            "optional": false,
          },
        },
        {
          "abi": {
            "name": "f",
            "type": {
              "format": 257,
              "kind": "simple",
              "optional": false,
              "type": "int",
            },
          },
          "as": null,
          "ast": {
            "as": null,
            "id": 70,
            "init": null,
            "kind": "def_field",
            "name": {
              "id": 67,
              "kind": "id",
              "ref": SrcInfo {},
              "text": "f",
            },
            "ref": SrcInfo {},
            "type": {
              "id": 69,
              "kind": "type_ref_simple",
              "name": {
                "id": 68,
                "kind": "id",
                "ref": SrcInfo {},
                "text": "Int",
              },
              "optional": false,
              "ref": SrcInfo {},
            },
          },
          "default": undefined,
          "index": 5,
          "name": "f",
          "ref": SrcInfo {},
          "type": {
            "kind": "ref",
            "name": "Int",
            "optional": false,
          },
        },
        {
          "abi": {
            "name": "g",
            "type": {
              "format": 257,
              "kind": "simple",
              "optional": false,
              "type": "int",
            },
          },
          "as": null,
          "ast": {
            "as": null,
            "id": 74,
            "init": null,
            "kind": "def_field",
            "name": {
              "id": 71,
              "kind": "id",
              "ref": SrcInfo {},
              "text": "g",
            },
            "ref": SrcInfo {},
            "type": {
              "id": 73,
              "kind": "type_ref_simple",
              "name": {
                "id": 72,
                "kind": "id",
                "ref": SrcInfo {},
                "text": "Int",
              },
              "optional": false,
              "ref": SrcInfo {},
            },
          },
          "default": undefined,
          "index": 6,
          "name": "g",
          "ref": SrcInfo {},
          "type": {
            "kind": "ref",
            "name": "Int",
            "optional": false,
          },
        },
        {
          "abi": {
            "name": "h",
            "type": {
              "format": 257,
              "kind": "simple",
              "optional": false,
              "type": "int",
            },
          },
          "as": null,
          "ast": {
            "as": null,
            "id": 78,
            "init": null,
            "kind": "def_field",
            "name": {
              "id": 75,
              "kind": "id",
              "ref": SrcInfo {},
              "text": "h",
            },
            "ref": SrcInfo {},
            "type": {
              "id": 77,
              "kind": "type_ref_simple",
              "name": {
                "id": 76,
                "kind": "id",
                "ref": SrcInfo {},
                "text": "Int",
              },
              "optional": false,
              "ref": SrcInfo {},
            },
          },
          "default": undefined,
          "index": 7,
          "name": "h",
          "ref": SrcInfo {},
          "type": {
            "kind": "ref",
            "name": "Int",
            "optional": false,
          },
        },
        {
          "abi": {
            "name": "i",
            "type": {
              "format": 257,
              "kind": "simple",
              "optional": false,
              "type": "int",
            },
          },
          "as": null,
          "ast": {
            "as": null,
            "id": 82,
            "init": null,
            "kind": "def_field",
            "name": {
              "id": 79,
              "kind": "id",
              "ref": SrcInfo {},
              "text": "i",
            },
            "ref": SrcInfo {},
            "type": {
              "id": 81,
              "kind": "type_ref_simple",
              "name": {
                "id": 80,
                "kind": "id",
                "ref": SrcInfo {},
                "text": "Int",
              },
              "optional": false,
              "ref": SrcInfo {},
            },
          },
          "default": undefined,
          "index": 8,
          "name": "i",
          "ref": SrcInfo {},
          "type": {
            "kind": "ref",
            "name": "Int",
            "optional": false,
          },
        },
        {
          "abi": {
            "name": "j",
            "type": {
              "format": 257,
              "kind": "simple",
              "optional": false,
              "type": "int",
            },
          },
          "as": null,
          "ast": {
            "as": null,
            "id": 86,
            "init": null,
            "kind": "def_field",
            "name": {
              "id": 83,
              "kind": "id",
              "ref": SrcInfo {},
              "text": "j",
            },
            "ref": SrcInfo {},
            "type": {
              "id": 85,
              "kind": "type_ref_simple",
              "name": {
                "id": 84,
                "kind": "id",
                "ref": SrcInfo {},
                "text": "Int",
              },
              "optional": false,
              "ref": SrcInfo {},
            },
          },
          "default": undefined,
          "index": 9,
          "name": "j",
          "ref": SrcInfo {},
          "type": {
            "kind": "ref",
            "name": "Int",
            "optional": false,
          },
        },
        {
          "abi": {
            "name": "k",
            "type": {
              "format": 257,
              "kind": "simple",
              "optional": false,
              "type": "int",
            },
          },
          "as": null,
          "ast": {
            "as": null,
            "id": 90,
            "init": null,
            "kind": "def_field",
            "name": {
              "id": 87,
              "kind": "id",
              "ref": SrcInfo {},
              "text": "k",
            },
            "ref": SrcInfo {},
            "type": {
              "id": 89,
              "kind": "type_ref_simple",
              "name": {
                "id": 88,
                "kind": "id",
                "ref": SrcInfo {},
                "text": "Int",
              },
              "optional": false,
              "ref": SrcInfo {},
            },
          },
          "default": undefined,
          "index": 10,
          "name": "k",
          "ref": SrcInfo {},
          "type": {
            "kind": "ref",
            "name": "Int",
            "optional": false,
          },
        },
      ],
      "functions": Map {},
      "header": null,
      "init": null,
      "interfaces": [],
      "kind": "struct",
      "name": "Deep",
      "origin": "user",
      "partialFieldCount": 0,
      "receivers": [],
      "signature": "Deep{a:int257,b:int257,c:int257,d:int257,e:int257,f:int257,g:int257,h:int257,i:int257,j:int257,k:int257}",
      "tlb": "_ a:int257 b:int257 c:int257 d:int257 e:int257 f:int257 g:int257 h:int257 i:int257 j:int257 k:int257 = Deep",
      "traits": [],
      "uid": 24254,
    },
  },
  {
    "allocation": {
      "header": null,
      "ops": [
        {
          "name": "a",
          "op": {
            "kind": "struct",
            "optional": false,
            "ref": false,
            "size": {
              "bits": 771,
              "refs": 0,
            },
            "type": "Deep",
          },
          "type": {
            "kind": "simple",
            "optional": false,
            "type": "Deep",
          },
        },
        {
          "name": "b",
          "op": {
            "kind": "struct",
            "optional": false,
            "ref": false,
            "size": {
              "bits": 771,
              "refs": 0,
            },
            "type": "Deep",
          },
          "type": {
            "kind": "simple",
            "optional": false,
            "type": "Deep",
          },
        },
        {
          "name": "c",
          "op": {
            "kind": "struct",
            "optional": false,
            "ref": false,
            "size": {
              "bits": 771,
              "refs": 0,
            },
            "type": "Deep",
          },
          "type": {
            "kind": "simple",
            "optional": false,
            "type": "Deep",
          },
        },
      ],
      "root": {
        "next": {
          "next": {
            "next": null,
            "ops": [
              {
                "name": "c",
                "op": {
                  "kind": "struct",
                  "optional": false,
                  "ref": false,
                  "size": {
                    "bits": 771,
                    "refs": 0,
                  },
                  "type": "Deep",
                },
                "type": {
                  "kind": "simple",
                  "optional": false,
                  "type": "Deep",
                },
              },
            ],
            "size": {
              "bits": 771,
              "refs": 0,
            },
          },
          "ops": [
            {
              "name": "b",
              "op": {
                "kind": "struct",
                "optional": false,
                "ref": false,
                "size": {
                  "bits": 771,
                  "refs": 0,
                },
                "type": "Deep",
              },
              "type": {
                "kind": "simple",
                "optional": false,
                "type": "Deep",
              },
            },
          ],
          "size": {
            "bits": 771,
            "refs": 0,
          },
        },
        "ops": [
          {
            "name": "a",
            "op": {
              "kind": "struct",
              "optional": false,
              "ref": false,
              "size": {
                "bits": 771,
                "refs": 0,
              },
              "type": "Deep",
            },
            "type": {
              "kind": "simple",
              "optional": false,
              "type": "Deep",
            },
          },
        ],
        "size": {
          "bits": 771,
          "refs": 0,
        },
      },
      "size": {
        "bits": 771,
        "refs": 0,
      },
    },
    "type": {
      "ast": {
        "fields": [
          {
            "as": null,
            "id": 96,
            "init": null,
            "kind": "def_field",
            "name": {
              "id": 93,
              "kind": "id",
              "ref": SrcInfo {},
              "text": "a",
            },
            "ref": SrcInfo {},
            "type": {
              "id": 95,
              "kind": "type_ref_simple",
              "name": {
                "id": 94,
                "kind": "id",
                "ref": SrcInfo {},
                "text": "Deep",
              },
              "optional": false,
              "ref": SrcInfo {},
            },
          },
          {
            "as": null,
            "id": 100,
            "init": null,
            "kind": "def_field",
            "name": {
              "id": 97,
              "kind": "id",
              "ref": SrcInfo {},
              "text": "b",
            },
            "ref": SrcInfo {},
            "type": {
              "id": 99,
              "kind": "type_ref_simple",
              "name": {
                "id": 98,
                "kind": "id",
                "ref": SrcInfo {},
                "text": "Deep",
              },
              "optional": false,
              "ref": SrcInfo {},
            },
          },
          {
            "as": null,
            "id": 104,
            "init": null,
            "kind": "def_field",
            "name": {
              "id": 101,
              "kind": "id",
              "ref": SrcInfo {},
              "text": "c",
            },
            "ref": SrcInfo {},
            "type": {
              "id": 103,
              "kind": "type_ref_simple",
              "name": {
                "id": 102,
                "kind": "id",
                "ref": SrcInfo {},
                "text": "Deep",
              },
              "optional": false,
              "ref": SrcInfo {},
            },
          },
        ],
        "id": 105,
        "kind": "def_struct",
        "message": false,
        "name": {
          "id": 92,
          "kind": "id",
          "ref": SrcInfo {},
          "text": "Deep2",
        },
        "prefix": null,
        "ref": SrcInfo {},
      },
      "constants": [],
      "dependsOn": [],
      "fields": [
        {
          "abi": {
            "name": "a",
            "type": {
              "kind": "simple",
              "optional": false,
              "type": "Deep",
            },
          },
          "as": null,
          "ast": {
            "as": null,
            "id": 96,
            "init": null,
            "kind": "def_field",
            "name": {
              "id": 93,
              "kind": "id",
              "ref": SrcInfo {},
              "text": "a",
            },
            "ref": SrcInfo {},
            "type": {
              "id": 95,
              "kind": "type_ref_simple",
              "name": {
                "id": 94,
                "kind": "id",
                "ref": SrcInfo {},
                "text": "Deep",
              },
              "optional": false,
              "ref": SrcInfo {},
            },
          },
          "default": undefined,
          "index": 0,
          "name": "a",
          "ref": SrcInfo {},
          "type": {
            "kind": "ref",
            "name": "Deep",
            "optional": false,
          },
        },
        {
          "abi": {
            "name": "b",
            "type": {
              "kind": "simple",
              "optional": false,
              "type": "Deep",
            },
          },
          "as": null,
          "ast": {
            "as": null,
            "id": 100,
            "init": null,
            "kind": "def_field",
            "name": {
              "id": 97,
              "kind": "id",
              "ref": SrcInfo {},
              "text": "b",
            },
            "ref": SrcInfo {},
            "type": {
              "id": 99,
              "kind": "type_ref_simple",
              "name": {
                "id": 98,
                "kind": "id",
                "ref": SrcInfo {},
                "text": "Deep",
              },
              "optional": false,
              "ref": SrcInfo {},
            },
          },
          "default": undefined,
          "index": 1,
          "name": "b",
          "ref": SrcInfo {},
          "type": {
            "kind": "ref",
            "name": "Deep",
            "optional": false,
          },
        },
        {
          "abi": {
            "name": "c",
            "type": {
              "kind": "simple",
              "optional": false,
              "type": "Deep",
            },
          },
          "as": null,
          "ast": {
            "as": null,
            "id": 104,
            "init": null,
            "kind": "def_field",
            "name": {
              "id": 101,
              "kind": "id",
              "ref": SrcInfo {},
              "text": "c",
            },
            "ref": SrcInfo {},
            "type": {
              "id": 103,
              "kind": "type_ref_simple",
              "name": {
                "id": 102,
                "kind": "id",
                "ref": SrcInfo {},
                "text": "Deep",
              },
              "optional": false,
              "ref": SrcInfo {},
            },
          },
          "default": undefined,
          "index": 2,
          "name": "c",
          "ref": SrcInfo {},
          "type": {
            "kind": "ref",
            "name": "Deep",
            "optional": false,
          },
        },
      ],
      "functions": Map {},
      "header": null,
      "init": null,
      "interfaces": [],
      "kind": "struct",
      "name": "Deep2",
      "origin": "user",
      "partialFieldCount": 0,
      "receivers": [],
      "signature": "Deep2{a:Deep{a:int257,b:int257,c:int257,d:int257,e:int257,f:int257,g:int257,h:int257,i:int257,j:int257,k:int257},b:Deep{a:int257,b:int257,c:int257,d:int257,e:int257,f:int257,g:int257,h:int257,i:int257,j:int257,k:int257},c:Deep{a:int257,b:int257,c:int257,d:int257,e:int257,f:int257,g:int257,h:int257,i:int257,j:int257,k:int257}}",
      "tlb": "_ a:Deep{a:int257,b:int257,c:int257,d:int257,e:int257,f:int257,g:int257,h:int257,i:int257,j:int257,k:int257} b:Deep{a:int257,b:int257,c:int257,d:int257,e:int257,f:int257,g:int257,h:int257,i:int257,j:int257,k:int257} c:Deep{a:int257,b:int257,c:int257,d:int257,e:int257,f:int257,g:int257,h:int257,i:int257,j:int257,k:int257} = Deep2",
      "traits": [],
      "uid": 4906,
    },
  },
  {
    "allocation": {
      "header": null,
      "ops": [
        {
          "name": "v",
          "op": {
            "bits": 257,
            "kind": "int",
            "optional": false,
          },
          "type": {
            "format": 257,
            "kind": "simple",
            "optional": false,
            "type": "int",
          },
        },
      ],
      "root": {
        "next": null,
        "ops": [
          {
            "name": "v",
            "op": {
              "bits": 257,
              "kind": "int",
              "optional": false,
            },
            "type": {
              "format": 257,
              "kind": "simple",
              "optional": false,
              "type": "int",
            },
          },
        ],
        "size": {
          "bits": 257,
          "refs": 0,
        },
      },
      "size": {
        "bits": 257,
        "refs": 1,
      },
    },
    "type": {
      "ast": {
        "attributes": [],
        "declarations": [
          {
            "as": null,
            "id": 111,
            "init": {
              "id": 110,
              "kind": "number",
              "ref": SrcInfo {},
              "value": 0n,
            },
            "kind": "def_field",
            "name": {
              "id": 107,
              "kind": "id",
              "ref": SrcInfo {},
              "text": "v",
            },
            "ref": SrcInfo {},
            "type": {
              "id": 109,
              "kind": "type_ref_simple",
              "name": {
                "id": 108,
                "kind": "id",
                "ref": SrcInfo {},
                "text": "Int",
              },
              "optional": false,
              "ref": SrcInfo {},
            },
          },
          {
            "id": 112,
            "kind": "def_init_function",
            "params": [],
            "ref": SrcInfo {},
            "statements": [],
          },
          {
            "attributes": [],
            "id": 122,
            "kind": "function_def",
            "name": {
              "id": 113,
              "kind": "id",
              "ref": SrcInfo {},
              "text": "main",
            },
            "params": [
              {
                "id": 117,
                "kind": "typed_parameter",
                "name": {
                  "id": 114,
                  "kind": "id",
                  "ref": SrcInfo {},
                  "text": "a",
                },
                "ref": SrcInfo {},
                "type": {
                  "id": 116,
                  "kind": "type_ref_simple",
                  "name": {
                    "id": 115,
                    "kind": "id",
                    "ref": SrcInfo {},
                    "text": "Int",
                  },
                  "optional": false,
                  "ref": SrcInfo {},
                },
              },
              {
                "id": 121,
                "kind": "typed_parameter",
                "name": {
                  "id": 118,
                  "kind": "id",
                  "ref": SrcInfo {},
                  "text": "b",
                },
                "ref": SrcInfo {},
                "type": {
                  "id": 120,
                  "kind": "type_ref_simple",
                  "name": {
                    "id": 119,
                    "kind": "id",
                    "ref": SrcInfo {},
                    "text": "Int",
                  },
                  "optional": false,
                  "ref": SrcInfo {},
                },
              },
            ],
            "ref": SrcInfo {},
            "return": null,
            "statements": [],
          },
        ],
        "id": 123,
        "kind": "def_contract",
        "name": {
          "id": 106,
          "kind": "id",
          "ref": SrcInfo {},
          "text": "Sample",
        },
        "ref": SrcInfo {},
        "traits": [],
      },
      "constants": [],
      "dependsOn": [],
      "fields": [
        {
          "abi": {
            "name": "v",
            "type": {
              "format": 257,
              "kind": "simple",
              "optional": false,
              "type": "int",
            },
          },
          "as": null,
          "ast": {
            "as": null,
            "id": 111,
            "init": {
              "id": 110,
              "kind": "number",
              "ref": SrcInfo {},
              "value": 0n,
            },
            "kind": "def_field",
            "name": {
              "id": 107,
              "kind": "id",
              "ref": SrcInfo {},
              "text": "v",
            },
            "ref": SrcInfo {},
            "type": {
              "id": 109,
              "kind": "type_ref_simple",
              "name": {
                "id": 108,
                "kind": "id",
                "ref": SrcInfo {},
                "text": "Int",
              },
              "optional": false,
              "ref": SrcInfo {},
            },
          },
          "default": 0n,
          "index": 0,
          "name": "v",
          "ref": SrcInfo {},
          "type": {
            "kind": "ref",
            "name": "Int",
            "optional": false,
          },
        },
      ],
      "functions": Map {
        "main" => {
          "ast": {
            "attributes": [],
            "id": 122,
            "kind": "function_def",
            "name": {
              "id": 113,
              "kind": "id",
              "ref": SrcInfo {},
              "text": "main",
            },
            "params": [
              {
                "id": 117,
                "kind": "typed_parameter",
                "name": {
                  "id": 114,
                  "kind": "id",
                  "ref": SrcInfo {},
                  "text": "a",
                },
                "ref": SrcInfo {},
                "type": {
                  "id": 116,
                  "kind": "type_ref_simple",
                  "name": {
                    "id": 115,
                    "kind": "id",
                    "ref": SrcInfo {},
                    "text": "Int",
                  },
                  "optional": false,
                  "ref": SrcInfo {},
                },
              },
              {
                "id": 121,
                "kind": "typed_parameter",
                "name": {
                  "id": 118,
                  "kind": "id",
                  "ref": SrcInfo {},
                  "text": "b",
                },
                "ref": SrcInfo {},
                "type": {
                  "id": 120,
                  "kind": "type_ref_simple",
                  "name": {
                    "id": 119,
                    "kind": "id",
                    "ref": SrcInfo {},
                    "text": "Int",
                  },
                  "optional": false,
                  "ref": SrcInfo {},
                },
              },
            ],
            "ref": SrcInfo {},
            "return": null,
            "statements": [],
          },
          "isAbstract": false,
          "isGetter": false,
          "isInline": false,
          "isMutating": true,
          "isOverrides": false,
          "isVirtual": false,
          "name": "main",
          "origin": "user",
          "params": [
            {
              "name": {
                "id": 114,
                "kind": "id",
                "ref": SrcInfo {},
                "text": "a",
              },
              "ref": SrcInfo {},
              "type": {
                "kind": "ref",
                "name": "Int",
                "optional": false,
              },
            },
            {
              "name": {
                "id": 118,
                "kind": "id",
                "ref": SrcInfo {},
                "text": "b",
              },
              "ref": SrcInfo {},
              "type": {
                "kind": "ref",
                "name": "Int",
                "optional": false,
              },
            },
          ],
          "returns": {
            "kind": "void",
          },
          "self": "Sample",
        },
      },
      "header": null,
      "init": {
        "ast": {
          "id": 112,
          "kind": "def_init_function",
          "params": [],
          "ref": SrcInfo {},
          "statements": [],
        },
        "params": [],
      },
      "interfaces": [],
      "kind": "contract",
      "name": "Sample",
      "origin": "user",
      "partialFieldCount": 0,
      "receivers": [],
      "signature": null,
      "tlb": null,
      "traits": [
        {
          "ast": {
            "attributes": [],
            "declarations": [],
            "id": 19,
            "kind": "def_trait",
            "name": {
              "id": 18,
              "kind": "id",
              "ref": SrcInfo {},
              "text": "BaseTrait",
            },
            "ref": SrcInfo {},
            "traits": [],
          },
          "constants": [],
          "dependsOn": [],
          "fields": [],
          "functions": Map {},
          "header": null,
          "init": null,
          "interfaces": [],
          "kind": "trait",
          "name": "BaseTrait",
          "origin": "user",
          "partialFieldCount": 0,
          "receivers": [],
          "signature": null,
          "tlb": null,
          "traits": [],
          "uid": 1020,
        },
      ],
      "uid": 51169,
    },
  },
]
`;
