// Jest Snapshot v1, https://goo.gl/fbAQLP

exports[`grammar should parse basic arithmetic 1`] = `
{
  "left": {
    "left": {
      "left": {
        "type": "id",
        "value": "c123",
      },
      "right": {
        "left": {
          "type": "number",
          "value": 123n,
        },
        "right": {
          "type": "id",
          "value": "a",
        },
        "type": "mul",
      },
      "type": "add",
    },
    "right": {
      "type": "number",
      "value": 1184577n,
    },
    "type": "add",
  },
  "right": {
    "left": {
      "type": "number",
      "value": 9n,
    },
    "right": {
      "type": "number",
      "value": 19n,
    },
    "type": "div",
  },
  "type": "sub",
}
`;
