// Jest Snapshot v1, https://goo.gl/fbAQLP

exports[`bugs should deploy contract correctly 1`] = `
[
  {
    "$seq": 0,
    "events": [
      {
        "$type": "deploy",
      },
      {
        "$type": "received",
        "message": {
          "body": {
            "cell": "x{178D45190000000000000000502540BE400800647B19D2EA05BF368D95B2ED58AF1574C7055EC66D073AC18FD3143754D7E8930016E3A425A4E75B646191AC9A34FE5D050BD101A5C490F87D01C66D885D09BC1082_}",
            "type": "cell",
          },
          "bounce": false,
          "from": "kQAyPYzpdQLfm0bK2XasV4q6Y4KvYzaDnWDH6Yobqmv0SXEH",
          "to": "kQD0JvpIBzbfqDziLRraZEcyCR3G5zj1J0MW0wn5s9MBj4K-",
          "type": "internal",
          "value": "9.958442",
        },
      },
      {
        "$type": "processed",
        "gasUsed": 16142n,
      },
      {
        "$type": "sent",
        "messages": [
          {
            "body": {
              "type": "known",
              "value": {
                "$$type": "TokenExcesses",
                "queryId": 0n,
              },
            },
            "bounce": false,
            "from": "kQD0JvpIBzbfqDziLRraZEcyCR3G5zj1J0MW0wn5s9MBj4K-",
            "to": "@treasure(treasure)",
            "type": "internal",
            "value": "9.914036823",
          },
        ],
      },
    ],
  },
]
`;
