// Jest Snapshot v1, https://goo.gl/fbAQLP

exports[`bugs not have a bug #18 1`] = `
[
  {
    "type": "deploy",
  },
  {
    "message": {
      "body": {
        "type": "empty",
      },
      "bounce": true,
      "from": "kQBbjpCWk51tkYZGsmjT-XQUL0QGlxJD4fQHGbYhdCbwQlX-",
      "to": "kQB_EVEdX0NqZCnUmwgu46OJY1h4BqWJnww6tiazg37_PEg5",
      "type": "internal",
      "value": 10000000000n,
    },
    "type": "received",
  },
  {
    "gasUsed": 18901n,
    "type": "processed",
  },
]
`;
