// Jest Snapshot v1, https://goo.gl/fbAQLP

exports[`feature-ternary should implement try-catch statements correctly 1`] = `
[
  {
    "$seq": 1,
    "events": [
      {
        "$type": "storage-charged",
        "amount": "0.000000007",
      },
      {
        "$type": "received",
        "message": {
          "body": {
            "text": "increment",
            "type": "text",
          },
          "bounce": true,
          "from": "@treasure(treasure)",
          "to": "kQDeZkNZL__cDfiyTjSCUSjXzLpX68GPW8afpBk10bwcurJN",
          "type": "internal",
          "value": "10",
        },
      },
      {
        "$type": "processed",
        "gasUsed": 3937n,
      },
    ],
  },
  {
    "$seq": 2,
    "events": [
      {
        "$type": "storage-charged",
        "amount": "0.000000007",
      },
      {
        "$type": "received",
        "message": {
          "body": {
            "text": "incrementTryCatch",
            "type": "text",
          },
          "bounce": true,
          "from": "@treasure(treasure)",
          "to": "kQDeZkNZL__cDfiyTjSCUSjXzLpX68GPW8afpBk10bwcurJN",
          "type": "internal",
          "value": "10",
        },
      },
      {
        "$type": "processed",
        "gasUsed": 4572n,
      },
    ],
  },
  {
    "$seq": 3,
    "events": [
      {
        "$type": "storage-charged",
        "amount": "0.000000007",
      },
      {
        "$type": "received",
        "message": {
          "body": {
            "text": "tryCatchRegisters",
            "type": "text",
          },
          "bounce": true,
          "from": "@treasure(treasure)",
          "to": "kQDeZkNZL__cDfiyTjSCUSjXzLpX68GPW8afpBk10bwcurJN",
          "type": "internal",
          "value": "10",
        },
      },
      {
        "$type": "processed",
        "gasUsed": 12104n,
      },
      {
        "$type": "sent",
        "messages": [
          {
            "body": {
              "text": "hello world 1",
              "type": "text",
            },
            "bounce": true,
            "from": "kQDeZkNZL__cDfiyTjSCUSjXzLpX68GPW8afpBk10bwcurJN",
            "to": "@treasure(treasure)",
            "type": "internal",
            "value": "9.98666",
          },
        ],
      },
    ],
  },
]
`;
