// Jest Snapshot v1, https://goo.gl/fbAQLP

exports[`local-type-inference should automatically set types for let statements 1`] = `
{
  "errors": {
    "10": {
      "message": "Dictionary error",
    },
    "11": {
      "message": "'Unknown' error",
    },
    "12": {
      "message": "Fatal error",
    },
    "128": {
      "message": "Null reference exception",
    },
    "129": {
      "message": "Invalid serialization prefix",
    },
    "13": {
      "message": "Out of gas error",
    },
    "130": {
      "message": "Invalid incoming message",
    },
    "131": {
      "message": "Constraints error",
    },
    "132": {
      "message": "Access denied",
    },
    "133": {
      "message": "Contract stopped",
    },
    "134": {
      "message": "Invalid argument",
    },
    "135": {
      "message": "Code of a contract was not found",
    },
    "136": {
      "message": "Invalid standard address",
    },
    "14": {
      "message": "Virtualization error",
    },
    "2": {
      "message": "Stack underflow",
    },
    "3": {
      "message": "Stack overflow",
    },
    "32": {
      "message": "Action list is invalid",
    },
    "33": {
      "message": "Action list is too long",
    },
    "34": {
      "message": "Action is invalid or not supported",
    },
    "35": {
      "message": "Invalid source address in outbound message",
    },
    "36": {
      "message": "Invalid destination address in outbound message",
    },
    "37": {
      "message": "Not enough Toncoin",
    },
    "38": {
      "message": "Not enough extra currencies",
    },
    "39": {
      "message": "Outbound message does not fit into a cell after rewriting",
    },
    "4": {
      "message": "Integer overflow",
    },
    "40": {
      "message": "Cannot process a message",
    },
    "41": {
      "message": "Library reference is null",
    },
    "42": {
      "message": "Library change action error",
    },
    "43": {
      "message": "Exceeded maximum number of cells in the library or the maximum depth of the Merkle tree",
    },
    "5": {
      "message": "Integer out of expected range",
    },
    "50": {
      "message": "Account state size exceeded limits",
    },
    "6": {
      "message": "Invalid opcode",
    },
    "7": {
      "message": "Type check error",
    },
    "8": {
      "message": "Cell overflow",
    },
    "9": {
      "message": "Cell underflow",
    },
  },
  "getters": [
    {
      "arguments": [],
      "methodId": 70304,
      "name": "test1",
      "returnType": {
        "format": 257,
        "kind": "simple",
        "optional": false,
        "type": "int",
      },
    },
    {
      "arguments": [],
      "methodId": 74435,
      "name": "test2",
      "returnType": {
        "format": 257,
        "kind": "simple",
        "optional": false,
        "type": "int",
      },
    },
    {
      "arguments": [],
      "methodId": 78562,
      "name": "test3",
      "returnType": {
        "kind": "simple",
        "optional": false,
        "type": "address",
      },
    },
    {
      "arguments": [],
      "methodId": 82437,
      "name": "test4",
      "returnType": {
        "kind": "simple",
        "optional": false,
        "type": "address",
      },
    },
    {
      "arguments": [],
      "methodId": 86564,
      "name": "test5",
      "returnType": {
        "kind": "simple",
        "optional": false,
        "type": "bool",
      },
    },
    {
      "arguments": [],
      "methodId": 90695,
      "name": "test6",
      "returnType": {
        "kind": "simple",
        "optional": false,
        "type": "slice",
      },
    },
    {
      "arguments": [],
      "methodId": 94822,
      "name": "test7",
      "returnType": {
        "kind": "simple",
        "optional": false,
        "type": "cell",
      },
    },
    {
      "arguments": [],
      "methodId": 99209,
      "name": "test8",
      "returnType": {
        "kind": "simple",
        "optional": false,
        "type": "builder",
      },
    },
    {
      "arguments": [],
      "methodId": 103336,
      "name": "test9",
      "returnType": {
        "kind": "simple",
        "optional": false,
        "type": "string",
      },
    },
    {
      "arguments": [],
      "methodId": 107552,
      "name": "test10",
      "returnType": {
        "kind": "simple",
        "optional": false,
        "type": "string",
      },
    },
    {
      "arguments": [],
      "methodId": 111617,
      "name": "test11",
      "returnType": {
        "kind": "simple",
        "optional": false,
        "type": "StateInit",
      },
    },
    {
      "arguments": [],
      "methodId": 99426,
      "name": "test12",
      "returnType": {
        "key": "int",
        "kind": "dict",
        "value": "int",
      },
    },
    {
      "arguments": [],
      "methodId": 103491,
      "name": "test13",
      "returnType": {
        "key": "int",
        "kind": "dict",
        "value": "uint",
        "valueFormat": 32,
      },
    },
    {
      "arguments": [],
      "methodId": 124068,
      "name": "test14",
      "returnType": {
        "kind": "simple",
        "optional": false,
        "type": "MyStruct",
      },
    },
    {
      "arguments": [],
      "methodId": 128133,
      "name": "test15",
      "returnType": {
        "kind": "simple",
        "optional": false,
        "type": "MyStruct",
      },
    },
    {
      "arguments": [],
      "methodId": 115942,
      "name": "test16",
      "returnType": {
        "format": 257,
        "kind": "simple",
        "optional": true,
        "type": "int",
      },
    },
    {
      "arguments": [],
      "methodId": 120007,
      "name": "test17",
      "returnType": {
        "format": 257,
        "kind": "simple",
        "optional": true,
        "type": "int",
      },
    },
    {
      "arguments": [],
      "methodId": 75048,
      "name": "test18",
      "returnType": {
        "format": 257,
        "kind": "simple",
        "optional": true,
        "type": "int",
      },
    },
    {
      "arguments": [],
      "methodId": 79113,
      "name": "test19",
      "returnType": {
        "format": 257,
        "kind": "simple",
        "optional": true,
        "type": "int",
      },
    },
  ],
  "receivers": [
    {
      "message": {
        "kind": "typed",
        "type": "Deploy",
      },
      "receiver": "internal",
    },
  ],
  "types": [
    {
      "fields": [
        {
          "name": "cells",
          "type": {
            "format": 257,
            "kind": "simple",
            "optional": false,
            "type": "int",
          },
        },
        {
          "name": "bits",
          "type": {
            "format": 257,
            "kind": "simple",
            "optional": false,
            "type": "int",
          },
        },
        {
          "name": "refs",
          "type": {
            "format": 257,
            "kind": "simple",
            "optional": false,
            "type": "int",
          },
        },
      ],
      "header": null,
      "name": "DataSize",
    },
    {
      "fields": [
        {
          "name": "code",
          "type": {
            "kind": "simple",
            "optional": false,
            "type": "cell",
          },
        },
        {
          "name": "data",
          "type": {
            "kind": "simple",
            "optional": false,
            "type": "cell",
          },
        },
      ],
      "header": null,
      "name": "StateInit",
    },
    {
      "fields": [
        {
          "name": "workchain",
          "type": {
            "format": 8,
            "kind": "simple",
            "optional": false,
            "type": "int",
          },
        },
        {
          "name": "address",
          "type": {
            "format": 256,
            "kind": "simple",
            "optional": false,
            "type": "uint",
          },
        },
      ],
      "header": null,
      "name": "StdAddress",
    },
    {
      "fields": [
        {
          "name": "workchain",
          "type": {
            "format": 32,
            "kind": "simple",
            "optional": false,
            "type": "int",
          },
        },
        {
          "name": "address",
          "type": {
            "kind": "simple",
            "optional": false,
            "type": "slice",
          },
        },
      ],
      "header": null,
      "name": "VarAddress",
    },
    {
      "fields": [
        {
          "name": "bounced",
          "type": {
            "kind": "simple",
            "optional": false,
            "type": "bool",
          },
        },
        {
          "name": "sender",
          "type": {
            "kind": "simple",
            "optional": false,
            "type": "address",
          },
        },
        {
          "name": "value",
          "type": {
            "format": 257,
            "kind": "simple",
            "optional": false,
            "type": "int",
          },
        },
        {
          "name": "raw",
          "type": {
            "kind": "simple",
            "optional": false,
            "type": "slice",
          },
        },
      ],
      "header": null,
      "name": "Context",
    },
    {
      "fields": [
        {
          "name": "mode",
          "type": {
            "format": 257,
            "kind": "simple",
            "optional": false,
            "type": "int",
          },
        },
        {
          "name": "body",
          "type": {
            "kind": "simple",
            "optional": true,
            "type": "cell",
          },
        },
        {
          "name": "code",
          "type": {
            "kind": "simple",
            "optional": true,
            "type": "cell",
          },
        },
        {
          "name": "data",
          "type": {
            "kind": "simple",
            "optional": true,
            "type": "cell",
          },
        },
        {
          "name": "value",
          "type": {
            "format": 257,
            "kind": "simple",
            "optional": false,
            "type": "int",
          },
        },
        {
          "name": "to",
          "type": {
            "kind": "simple",
            "optional": false,
            "type": "address",
          },
        },
        {
          "name": "bounce",
          "type": {
            "kind": "simple",
            "optional": false,
            "type": "bool",
          },
        },
      ],
      "header": null,
      "name": "SendParameters",
    },
    {
      "fields": [
        {
          "name": "mode",
          "type": {
            "format": 257,
            "kind": "simple",
            "optional": false,
            "type": "int",
          },
        },
        {
          "name": "body",
          "type": {
            "kind": "simple",
            "optional": true,
            "type": "cell",
          },
        },
        {
          "name": "value",
          "type": {
            "format": 257,
            "kind": "simple",
            "optional": false,
            "type": "int",
          },
        },
        {
          "name": "bounce",
          "type": {
            "kind": "simple",
            "optional": false,
            "type": "bool",
          },
        },
        {
          "name": "init",
          "type": {
            "kind": "simple",
            "optional": false,
            "type": "StateInit",
          },
        },
      ],
      "header": null,
      "name": "DeployParameters",
    },
    {
      "fields": [
        {
          "name": "queryId",
          "type": {
            "format": 64,
            "kind": "simple",
            "optional": false,
            "type": "uint",
          },
        },
      ],
      "header": 2490013878,
      "name": "Deploy",
    },
    {
      "fields": [
        {
          "name": "queryId",
          "type": {
            "format": 64,
            "kind": "simple",
            "optional": false,
            "type": "uint",
          },
        },
      ],
      "header": 2952335191,
      "name": "DeployOk",
    },
    {
      "fields": [
        {
          "name": "queryId",
          "type": {
            "format": 64,
            "kind": "simple",
            "optional": false,
            "type": "uint",
          },
        },
        {
          "name": "cashback",
          "type": {
            "kind": "simple",
            "optional": false,
            "type": "address",
          },
        },
      ],
      "header": 1829761339,
      "name": "FactoryDeploy",
    },
    {
      "fields": [
        {
          "name": "x",
          "type": {
            "format": 257,
            "kind": "simple",
            "optional": false,
            "type": "int",
          },
        },
        {
          "name": "y",
          "type": {
            "format": 257,
            "kind": "simple",
            "optional": false,
            "type": "int",
          },
        },
      ],
      "header": null,
      "name": "MyStruct",
    },
    {
      "fields": [],
      "header": null,
      "name": "LocalTypeInferenceTester$Data",
    },
  ],
}
`;
