// Jest Snapshot v1, https://goo.gl/fbAQLP

exports[`bugs should deploy sample jetton correctly 1`] = `
[
  {
    "$seq": 0,
    "events": [
      {
        "$type": "deploy",
      },
      {
        "$type": "received",
        "message": {
          "body": {
            "cell": "x{178D45190000000000000000502540BE400801F9508078B18164B590F620AAE2DF1AD4044D12F868972380370D0DB9DF1646D30016E3A425A4E75B646191AC9A34FE5D050BD101A5C490F87D01C66D885D09BC1082_}",
            "type": "cell",
          },
          "bounce": false,
          "from": "kQD8qEA8WMCyWsh7EFVxb41qAiaJfDRLkcAbhobc74sjadtu",
          "to": "kQD_kli7qXhKTyPFPipl-Ck2p0dQI88j6_0nqo_U79hCL7zM",
          "type": "internal",
          "value": "9.961192",
        },
      },
      {
        "$type": "processed",
        "gasUsed": 12484n,
      },
      {
        "$type": "sent",
        "messages": [
          {
            "body": {
              "type": "known",
              "value": {
                "$$type": "TokenExcesses",
                "queryId": 0n,
              },
            },
            "bounce": false,
            "from": "kQD_kli7qXhKTyPFPipl-Ck2p0dQI88j6_0nqo_U79hCL7zM",
            "to": "@treasure(treasure)",
            "type": "internal",
            "value": "9.919639844",
          },
        ],
      },
    ],
  },
]
`;
