// Jest Snapshot v1, https://goo.gl/fbAQLP

exports[`bugs should deploy sample jetton correctly 1`] = `
[
  {
    "$seq": 0,
    "events": [
      {
        "$type": "deploy",
      },
      {
        "$type": "received",
        "message": {
          "body": {
            "cell": "x{178D45190000000000000000502540BE400801AA83CBBCA5263F67EAA1559AD9E623E62E67A29FA27E595CC8FE11388F31EDEF0016E3A425A4E75B646191AC9A34FE5D050BD101A5C490F87D01C66D885D09BC1082_}",
            "type": "cell",
          },
          "bounce": false,
          "from": "kQDVQeXeUpMfs_VQqs1s8xHzFzPRT9E_LK5kfwicR5j297b1",
          "to": "kQB0KL6E6fdGDVrtJBp7LpazUNhD-ZyguSjmHr4riyDbX6NG",
          "type": "internal",
          "value": "9.959886",
        },
      },
      {
        "$type": "processed",
        "gasUsed": 12277n,
      },
      {
        "$type": "sent",
        "messages": [
          {
            "body": {
              "type": "known",
              "value": {
                "$$type": "TokenExcesses",
                "queryId": 0n,
              },
            },
            "bounce": false,
            "from": "kQB0KL6E6fdGDVrtJBp7LpazUNhD-ZyguSjmHr4riyDbX6NG",
            "to": "@treasure(treasure)",
            "type": "internal",
            "value": "9.916924834",
          },
        ],
      },
    ],
  },
]
`;
