// Jest Snapshot v1, https://goo.gl/fbAQLP

exports[`bugs should deploy sample jetton correctly 1`] = `
[
  {
    "$seq": 0,
    "events": [
      {
        "$type": "deploy",
      },
      {
        "$type": "received",
        "message": {
          "body": {
            "cell": "x{178D45190000000000000000502540BE400800F4E48F7C7669DBB98B5860A3DF843B6A47BE760733A53682DC8C2D7888E272890016E3A425A4E75B646191AC9A34FE5D050BD101A5C490F87D01C66D885D09BC1082_}",
            "type": "cell",
          },
          "bounce": false,
          "from": "kQB6cke-OzTt3MWsMFHvwh21I987A5nSm0FuRha8RHE5RLcf",
          "to": "kQAs-ScGiWnp9mLiF2J01NJKNIqVEKcmrFCZJBm9zSs-z5mo",
          "type": "internal",
          "value": "9.961639",
        },
      },
      {
        "$type": "processed",
        "gasUsed": 12277n,
      },
      {
        "$type": "sent",
        "messages": [
          {
            "body": {
              "type": "known",
              "value": {
                "$$type": "TokenExcesses",
                "queryId": 0n,
              },
            },
            "bounce": false,
            "from": "kQAs-ScGiWnp9mLiF2J01NJKNIqVEKcmrFCZJBm9zSs-z5mo",
            "to": "@treasure(treasure)",
            "type": "internal",
            "value": "9.920430846",
          },
        ],
      },
    ],
  },
]
`;
