// Jest Snapshot v1, https://goo.gl/fbAQLP

exports[`jetton should deploy 1`] = `
[
  {
    "type": "deploy",
  },
  {
    "message": {
      "body": {
        "cell": "x{01FB345B0000000000000000000000000000000000000000000000000001C6BF526340004_}",
        "type": "cell",
      },
      "bounce": true,
      "from": "kQAI-3FJVc_ywSuY4vq0bYrzR7S4Och4y7bTU_i5yLOB3A6P",
      "to": "kQAcaYF5FaYl4W5bujsQ3s6PhIDcUogFdihbt3O7iv6AS_c6",
      "type": "internal",
      "value": 1000000000n,
    },
    "type": "received",
  },
  {
    "gasUsed": 22956n,
    "type": "processed",
  },
  {
    "messages": [
      {
        "body": {
          "cell": "x{178D451900000000000000007038D7EA4C6800080038D302F22B4C4BC2DCB7747621BD9D1F0901B8A5100AEC50B76EE77715FD009700023EDC525573FCB04AE638BEAD1B62BCD1ED2E0E721E32EDB4D4FE2E722CE07702_}",
          "type": "cell",
        },
        "bounce": false,
        "from": "kQAcaYF5FaYl4W5bujsQ3s6PhIDcUogFdihbt3O7iv6AS_c6",
        "to": "kQBoTmN5HngJf5LF8xUI0jiVHdUbWabCJo-_XjNrc1sM76he",
        "type": "internal",
        "value": 959719000n,
      },
    ],
    "type": "sent",
  },
]
`;
