// Jest Snapshot v1, https://goo.gl/fbAQLP

exports[`jetton should deploy 1`] = `
[
  {
    "type": "deploy",
  },
  {
    "message": {
      "body": {
        "cell": "x{95C2E0820000000000000000000000000000000000000000000000000001C6BF526340004_}",
        "type": "cell",
      },
      "bounce": true,
      "from": "kQAI-3FJVc_ywSuY4vq0bYrzR7S4Och4y7bTU_i5yLOB3A6P",
      "to": "kQAUbypRMEU8DUMT474wm3_qg6CglbmV1DPZGW-0N4J7xBuU",
      "type": "internal",
      "value": 1000000000n,
    },
    "type": "received",
  },
  {
    "gasUsed": 23052n,
    "type": "processed",
  },
  {
    "messages": [
      {
        "body": {
          "cell": "x{178D451900000000000000007038D7EA4C6800080028DE54A2608A781A8627C77C6136FFD50741412B732BA867B232DF686F04F78900023EDC525573FCB04AE638BEAD1B62BCD1ED2E0E721E32EDB4D4FE2E722CE07702_}",
          "type": "cell",
        },
        "bounce": false,
        "from": "kQAUbypRMEU8DUMT474wm3_qg6CglbmV1DPZGW-0N4J7xBuU",
        "to": "kQCqWRrRBBvz_r4yJA2KjY9no7l3zl8LfvdCrp1qKVmWaTNg",
        "type": "internal",
        "value": 959503000n,
      },
    ],
    "type": "sent",
  },
]
`;
