// Jest Snapshot v1, https://goo.gl/fbAQLP

exports[`muiltisig-3 should deploy 1`] = `
[
  {
    "$seq": 0,
    "events": [
      {
        "$type": "deploy",
      },
      {
        "$type": "received",
        "message": {
          "body": {
            "text": "Deploy",
            "type": "text",
          },
          "bounce": true,
          "from": "@treasure(treasure)",
          "to": "kQAtT-DyK4gdNSfbUQ_wk4iP6XJGenqbwcXwNs9sUVk2ZVoC",
          "type": "internal",
          "value": 10000000000n,
        },
      },
      {
        "$type": "processed",
        "gasUsed": 4373n,
      },
    ],
  },
]
`;
