// Jest Snapshot v1, https://goo.gl/fbAQLP

exports[`multisig-3 should deploy 1`] = `
[
  {
    "$seq": 0,
    "events": [
      {
        "$type": "deploy",
      },
      {
        "$type": "received",
        "message": {
          "body": {
            "text": "Deploy",
            "type": "text",
          },
          "bounce": true,
          "from": "@treasure(treasure)",
          "to": "kQCM9SxGev2rN3tzzK8TMNBB0Rhbr-1wc9DKPJoJUzSGM3jm",
          "type": "internal",
          "value": "10",
        },
      },
      {
        "$type": "processed",
        "gasUsed": 4355n,
      },
    ],
  },
]
`;
