// Jest Snapshot v1, https://goo.gl/fbAQLP

exports[`short-circuit-initialization short-circuit-initializations should pass boolean short-circuiting during initialization 1`] = `
[
  [
    "true",
    "Bool",
  ],
  [
    "loop()",
    "Bool",
  ],
  [
    "true || loop()",
    "Bool",
  ],
  [
    "true",
    "Bool",
  ],
  [
    "0",
    "Int",
  ],
  [
    "exception(0)",
    "Bool",
  ],
  [
    "true || exception(0)",
    "Bool",
  ],
  [
    "false",
    "Bool",
  ],
  [
    "loop()",
    "Bool",
  ],
  [
    "false && loop()",
    "Bool",
  ],
  [
    "false",
    "Bool",
  ],
  [
    "0",
    "Int",
  ],
  [
    "exception(0)",
    "Bool",
  ],
  [
    "false && exception(0)",
    "Bool",
  ],
  [
    "true",
    "Bool",
  ],
  [
    "loop()",
    "Bool",
  ],
  [
    "true || loop()",
    "Bool",
  ],
  [
    "true",
    "Bool",
  ],
  [
    "0",
    "Int",
  ],
  [
    "exception(0)",
    "Bool",
  ],
  [
    "true || exception(0)",
    "Bool",
  ],
  [
    "false",
    "Bool",
  ],
  [
    "loop()",
    "Bool",
  ],
  [
    "false && loop()",
    "Bool",
  ],
  [
    "false",
    "Bool",
  ],
  [
    "0",
    "Int",
  ],
  [
    "exception(0)",
    "Bool",
  ],
  [
    "false && exception(0)",
    "Bool",
  ],
  [
    "true",
    "Bool",
  ],
  [
    "loop()",
    "Bool",
  ],
  [
    "true || loop()",
    "Bool",
  ],
  [
    "true",
    "Bool",
  ],
  [
    "0",
    "Int",
  ],
  [
    "exception(0)",
    "Bool",
  ],
  [
    "true || exception(0)",
    "Bool",
  ],
  [
    "false",
    "Bool",
  ],
  [
    "loop()",
    "Bool",
  ],
  [
    "false && loop()",
    "Bool",
  ],
  [
    "false",
    "Bool",
  ],
  [
    "0",
    "Int",
  ],
  [
    "exception(0)",
    "Bool",
  ],
  [
    "false && exception(0)",
    "Bool",
  ],
  [
    "true",
    "Bool",
  ],
  [
    "loop()",
    "Bool",
  ],
  [
    "true || loop()",
    "Bool",
  ],
  [
    "true",
    "Bool",
  ],
  [
    "0",
    "Int",
  ],
  [
    "exception(0)",
    "Bool",
  ],
  [
    "true || exception(0)",
    "Bool",
  ],
  [
    "false",
    "Bool",
  ],
  [
    "loop()",
    "Bool",
  ],
  [
    "false && loop()",
    "Bool",
  ],
  [
    "false",
    "Bool",
  ],
  [
    "0",
    "Int",
  ],
  [
    "exception(0)",
    "Bool",
  ],
  [
    "false && exception(0)",
    "Bool",
  ],
  [
    "true",
    "Bool",
  ],
  [
    "true",
    "Bool",
  ],
  [
    "1",
    "Int",
  ],
  [
    "v",
    "Int",
  ],
  [
    "1 / v",
    "Int",
  ],
  [
    "0",
    "Int",
  ],
  [
    "1 / v == 0",
    "Bool",
  ],
]
`;
